Items[0] = Aged Brie, 1, 1
Items[1] = Aged Brie, 0, 2
Items[2] = Aged Brie, -1, 3
Items[3] = Aged Brie, -1, 50
