Items[0] = Conjured Mana Cake, -1, 0
Items[1] = Conjured Mana Cake, -1, 0
Items[2] = Conjured Mana Cake, -1, 0
Items[3] = Conjured Mana Cake, 0, 2
Items[4] = Conjured Mana Cake, -1, 0
