Items[0] = Backstage passes to a TAFKAL80ETC concert, -1, 0
Items[1] = Backstage passes to a TAFKAL80ETC concert, 0, 50
Items[2] = Backstage passes to a TAFKAL80ETC concert, 0, 4
Items[3] = Backstage passes to a TAFKAL80ETC concert, 9, 3
Items[4] = Backstage passes to a TAFKAL80ETC concert, 10, 2
Items[5] = Backstage passes to a TAFKAL80ETC concert, 4, 4
Items[6] = Backstage passes to a TAFKAL80ETC concert, 5, 3
Items[7] = Backstage passes to a TAFKAL80ETC concert, -2, 0
